C51 COMPILER V9.05   SYSTEM                                                                08/03/2016 19:45:47 PAGE 1   


C51 COMPILER V9.05, COMPILATION OF MODULE SYSTEM
OBJECT MODULE PLACED IN .\build\system.obj
COMPILER INVOKED BY: d:\Keil\C51\BIN\C51.EXE system.c LARGE BROWSE DEBUG OBJECTEXTEND PRINT(.\lst\system.lst) OBJECT(.\b
                    -uild\system.obj)

line level    source

   1          /* Copyright (c) 2008 Nordic Semiconductor. All Rights Reserved.
   2           *
   3           * The information contained herein is confidential property of Nordic 
   4           * Semiconductor. The use, copying, transfer or disclosure of such information 
   5           * is prohibited except by express written agreement with Nordic Semiconductor.
   6           *
   7           * $LastChangedRevision:$
   8           */
   9          
  10          /** @file
  11           * System level functions.
  12           * 
  13           * @author Rune Brandsegg
  14           *
  15           */
  16          #include <stdint.h>
  17          #include "hal_nrf.h"
  18          #include "radio.h"
  19          #include "system.h"
  20          
  21          void mcu_init(void)
  22          {  
  23   1              EA = 0;
  24   1      
  25   1              // CLK
  26   1              CLKCTRL = 0x28;                 // Clock sourced by XCOSC16M    
  27   1              CLKLFCTRL = 0x01;               // RCOSC32K 
  28   1      
  29   1              delay_10ms();
  30   1              delay_10ms();
  31   1              delay_10ms();
  32   1              delay_10ms();
  33   1              delay_10ms();
  34   1              delay_10ms();
  35   1              
  36   1      
  37   1              // RTC          
  38   1              OPMCON = 0x00; 
  39   1      
  40   1              RTC2CMP0 = 0x00;
  41   1              RTC2CMP1 = 0x80; 
  42   1                                                                        
  43   1              RTC2CON = 0x07;                                         
  44   1      
  45   1              WUOPC1 = 0x00;
  46   1              WUOPC0 = 0x00;
  47   1      
  48   1              WUCON = 0xEB;           
  49   1      
  50   1              // IO
  51   1              ADCCON1 = 0x00;
  52   1              ADCCON2 = 0x00;
  53   1              ADCCON3 = 0x00;
  54   1              COMPCON = 0x00; 
C51 COMPILER V9.05   SYSTEM                                                                08/03/2016 19:45:47 PAGE 2   

  55   1              PWMCON = 0x00;
  56   1      
  57   1              P0 = 0; 
  58   1              P1 = 0;
  59   1              P0DIR = 0x00;
  60   1              P1DIR = 0x00;   
  61   1      
  62   1              // UART 
  63   1              P0DIR &= 0xF7;                          // P03 (TxD) is output
  64   1              P0DIR |= 0x10;                          // P04 (RxD) is input 
  65   1              P0|=0x18;        
  66   1                      
  67   1              S0CON = 0x50;  
  68   1              PCON |= 0x80;                           // SMOD = 1
  69   1              WDCON |= 0x80;                          // Select internal baud rate generator 
  70   1              
  71   1              //S0RELL = 0xFB;        
  72   1              S0RELL = 0xF3;                          // BAUD_38K4
  73   1              S0RELH = 0x03;  
  74   1              //P0CON = 0x13;
  75   1              //P0CON = 0x44;                  
  76   1              ES0 = 1;                                // Enable UART0 interrupt
  77   1      
  78   1              RFCKEN = 1;                 // enable L01 clock
  79   1              RF = 1;                     // enable RF interrupt  
  80   1      
  81   1              EA = 1;
  82   1      }
  83          void boot_mess(void)
  84          {   
  85   1        uint8_t ctr;
  86   1      
  87   1        for(ctr=0;ctr<3;ctr++)
  88   1        {
  89   2          LED0_BLINK();
  90   2          delay_10ms();
  91   2          
  92   2          LED1_BLINK();
  93   2          delay_10ms();
  94   2          
  95   2          LED2_BLINK();
  96   2          delay_10ms();
  97   2        }       
  98   1      }
  99          
 100          void delay_10ms(void)
 101          {
 102   1        uint16_t ctr;
 103   1        for(ctr=0; ctr<15000; ctr++);
 104   1      }


MODULE INFORMATION:   STATIC OVERLAYABLE
   CODE SIZE        =    158    ----
   CONSTANT SIZE    =   ----    ----
   XDATA SIZE       =   ----       1
   PDATA SIZE       =   ----    ----
   DATA SIZE        =   ----    ----
   IDATA SIZE       =   ----    ----
   BIT SIZE         =   ----    ----
END OF MODULE INFORMATION.


C51 COMPILATION COMPLETE.  0 WARNING(S),  0 ERROR(S)
